#
# There is insufficient memory for the Java Runtime Environment to continue.
# Native memory allocation (malloc) failed to allocate 2016272 bytes for Chunk::new
# Possible reasons:
#   The system is out of physical RAM or swap space
#   The process is running with CompressedOops enabled, and the Java Heap may be blocking the growth of the native heap
# Possible solutions:
#   Reduce memory load on the system
#   Increase physical memory or swap space
#   Check if swap backing store is full
#   Decrease Java heap size (-Xmx/-Xms)
#   Decrease number of Java threads
#   Decrease Java thread stack sizes (-Xss)
#   Set larger code cache with -XX:ReservedCodeCacheSize=
#   JVM is running with Unscaled Compressed Oops mode in which the Java heap is
#     placed in the first 4GB address space. The Java Heap base address is the
#     maximum limit for the native heap growth. Please use -XX:HeapBaseMinAddress
#     to set the Java Heap base and to place the Java Heap above 4GB virtual address.
# This output file may be truncated or incomplete.
#
#  Out of Memory Error (arena.cpp:168), pid=23512, tid=30652
#
# JRE version: Java(TM) SE Runtime Environment (21.0.2+13) (build 21.0.2+13-LTS-58)
# Java VM: Java HotSpot(TM) 64-Bit Server VM (21.0.2+13-LTS-58, mixed mode, sharing, tiered, compressed oops, compressed class ptrs, g1 gc, windows-amd64)
# No core dump will be written. Minidumps are not enabled by default on client versions of Windows
#

---------------  S U M M A R Y ------------

Command Line: -javaagent:C:\Users\hrush\AppData\Local\JetBrains\IntelliJ IDEA Community Edition 2025.1.3\lib\idea_rt.jar=52321 -Dfile.encoding=UTF-8 -Dsun.stdout.encoding=UTF-8 -Dsun.stderr.encoding=UTF-8 Hrishi.example.ai_log_intelligence.AiLogIntelligenceApplication

Host: AMD Ryzen 7 7730U with Radeon Graphics         , 16 cores, 5G,  Windows 11 , 64 bit Build 26100 (10.0.26100.7309)
Time: Tue Mar 10 13:25:51 2026 India Standard Time elapsed time: 13.472832 seconds (0d 0h 0m 13s)

---------------  T H R E A D  ---------------

Current thread (0x00000205887b0960):  JavaThread "C2 CompilerThread2" daemon [_thread_in_native, id=30652, stack(0x0000009bef200000,0x0000009bef300000) (1024K)]


Current CompileTask:
C2:  13473 6215       4       org.springframework.core.annotation.AnnotationsScanner::process (55 bytes)

Stack: [0x0000009bef200000,0x0000009bef300000]
Native frames: (J=compiled Java code, j=interpreted, Vv=VM code, C=native code)
V  [jvm.dll+0x6cade9]
V  [jvm.dll+0x8569c1]
V  [jvm.dll+0x858d2e]
V  [jvm.dll+0x859413]
V  [jvm.dll+0x280e56]
V  [jvm.dll+0xc3f3d]
V  [jvm.dll+0xc4473]
V  [jvm.dll+0x3b5c2c]
V  [jvm.dll+0x1e2209]
V  [jvm.dll+0x249d22]
V  [jvm.dll+0x2491b1]
V  [jvm.dll+0x1c9634]
V  [jvm.dll+0x258859]
V  [jvm.dll+0x256e3a]
V  [jvm.dll+0x3ef6c6]
V  [jvm.dll+0x7ff568]
V  [jvm.dll+0x6c953d]
C  [ucrtbase.dll+0x37b0]
C  [KERNEL32.DLL+0x2e8d7]
C  [ntdll.dll+0x8c53c]


---------------  P R O C E S S  ---------------

Threads class SMR info:
_java_thread_list=0x00000205893f1b50, length=23, elements={
0x000002051fb188f0, 0x000002053e2878e0, 0x000002053e288340, 0x000002053e289ee0,
0x000002053e28bcb0, 0x000002053e28c710, 0x000002053e28f4c0, 0x000002053e299c90,
0x000002053e2a4270, 0x000002053e4c2d90, 0x000002053e2a6b50, 0x000002053e743550,
0x000002053e743bc0, 0x00000205841c5900, 0x000002053ed49030, 0x000002058540f8b0,
0x000002058696e610, 0x00000205866084e0, 0x0000020588392140, 0x00000205883934f0,
0x0000020588393b80, 0x00000205887b0290, 0x00000205887b0960
}

Java Threads: ( => current thread )
  0x000002051fb188f0 JavaThread "main"                              [_thread_blocked, id=13912, stack(0x0000009bec400000,0x0000009bec500000) (1024K)]
  0x000002053e2878e0 JavaThread "Reference Handler"          daemon [_thread_blocked, id=5028, stack(0x0000009becc00000,0x0000009becd00000) (1024K)]
  0x000002053e288340 JavaThread "Finalizer"                  daemon [_thread_blocked, id=19776, stack(0x0000009becd00000,0x0000009bece00000) (1024K)]
  0x000002053e289ee0 JavaThread "Signal Dispatcher"          daemon [_thread_blocked, id=788, stack(0x0000009bece00000,0x0000009becf00000) (1024K)]
  0x000002053e28bcb0 JavaThread "Attach Listener"            daemon [_thread_blocked, id=21692, stack(0x0000009becf00000,0x0000009bed000000) (1024K)]
  0x000002053e28c710 JavaThread "Service Thread"             daemon [_thread_blocked, id=3136, stack(0x0000009bed000000,0x0000009bed100000) (1024K)]
  0x000002053e28f4c0 JavaThread "Monitor Deflation Thread"   daemon [_thread_blocked, id=25004, stack(0x0000009bed100000,0x0000009bed200000) (1024K)]
  0x000002053e299c90 JavaThread "C2 CompilerThread0"         daemon [_thread_in_native, id=2668, stack(0x0000009bed200000,0x0000009bed300000) (1024K)]
  0x000002053e2a4270 JavaThread "C1 CompilerThread0"         daemon [_thread_blocked, id=24956, stack(0x0000009bed300000,0x0000009bed400000) (1024K)]
  0x000002053e4c2d90 JavaThread "Common-Cleaner"             daemon [_thread_blocked, id=15184, stack(0x0000009bed400000,0x0000009bed500000) (1024K)]
  0x000002053e2a6b50 JavaThread "C1 CompilerThread1"         daemon [_thread_blocked, id=17392, stack(0x0000009bed500000,0x0000009bed600000) (1024K)]
  0x000002053e743550 JavaThread "Monitor Ctrl-Break"         daemon [_thread_in_native, id=4156, stack(0x0000009bed800000,0x0000009bed900000) (1024K)]
  0x000002053e743bc0 JavaThread "Notification Thread"        daemon [_thread_blocked, id=29188, stack(0x0000009bed900000,0x0000009beda00000) (1024K)]
  0x00000205841c5900 JavaThread "Thread-0"                          [_thread_blocked, id=8624, stack(0x0000009bee000000,0x0000009bee100000) (1024K)]
  0x000002053ed49030 JavaThread "restartedMain"                     [_thread_in_Java, id=14924, stack(0x0000009bee100000,0x0000009bee200000) (1024K)]
  0x000002058540f8b0 JavaThread "Catalina-utility-1"                [_thread_blocked, id=14024, stack(0x0000009bee200000,0x0000009bee300000) (1024K)]
  0x000002058696e610 JavaThread "Catalina-utility-2"                [_thread_blocked, id=9996, stack(0x0000009bee800000,0x0000009bee900000) (1024K)]
  0x00000205866084e0 JavaThread "container-0"                       [_thread_blocked, id=25560, stack(0x0000009beed00000,0x0000009beee00000) (1024K)]
  0x0000020588392140 JavaThread "Cleaner-0"                  daemon [_thread_blocked, id=18536, stack(0x0000009bed700000,0x0000009bed800000) (1024K)]
  0x00000205883934f0 JavaThread "HikariPool-1:housekeeper"   daemon [_thread_blocked, id=8260, stack(0x0000009beef00000,0x0000009bef000000) (1024K)]
  0x0000020588393b80 JavaThread "HikariPool-1:connection-adder" daemon [_thread_blocked, id=4140, stack(0x0000009bef000000,0x0000009bef100000) (1024K)]
  0x00000205887b0290 JavaThread "C2 CompilerThread1"         daemon [_thread_in_native, id=15880, stack(0x0000009bef100000,0x0000009bef200000) (1024K)]
=>0x00000205887b0960 JavaThread "C2 CompilerThread2"         daemon [_thread_in_native, id=30652, stack(0x0000009bef200000,0x0000009bef300000) (1024K)]
Total: 23

Other Threads:
  0x000002051f615db0 VMThread "VM Thread"                           [id=31332, stack(0x0000009becb00000,0x0000009becc00000) (1024K)]
  0x000002053e248c20 WatcherThread "VM Periodic Task Thread"        [id=24364, stack(0x0000009beca00000,0x0000009becb00000) (1024K)]
  0x000002051f615670 WorkerThread "GC Thread#0"                     [id=27424, stack(0x0000009bec500000,0x0000009bec600000) (1024K)]
  0x000002051f6164f0 WorkerThread "GC Thread#1"                     [id=21868, stack(0x0000009bedb00000,0x0000009bedc00000) (1024K)]
  0x000002051f616890 WorkerThread "GC Thread#2"                     [id=30964, stack(0x0000009bedc00000,0x0000009bedd00000) (1024K)]
  0x000002053ed60ed0 WorkerThread "GC Thread#3"                     [id=7384, stack(0x0000009bedd00000,0x0000009bede00000) (1024K)]
  0x000002053ed62bd0 WorkerThread "GC Thread#4"                     [id=3948, stack(0x0000009bede00000,0x0000009bedf00000) (1024K)]
  0x000002053ed619b0 WorkerThread "GC Thread#5"                     [id=14500, stack(0x0000009bedf00000,0x0000009bee000000) (1024K)]
  0x000002053ed63310 WorkerThread "GC Thread#6"                     [id=7460, stack(0x0000009bee300000,0x0000009bee400000) (1024K)]
  0x000002053ed62830 WorkerThread "GC Thread#7"                     [id=10624, stack(0x0000009bee400000,0x0000009bee500000) (1024K)]
  0x000002053ed62490 WorkerThread "GC Thread#8"                     [id=30348, stack(0x0000009bee500000,0x0000009bee600000) (1024K)]
  0x000002053ed62f70 WorkerThread "GC Thread#9"                     [id=28276, stack(0x0000009bee600000,0x0000009bee700000) (1024K)]
  0x000002053ed60050 WorkerThread "GC Thread#10"                    [id=25236, stack(0x0000009bee700000,0x0000009bee800000) (1024K)]
  0x000002053ed61d50 WorkerThread "GC Thread#11"                    [id=4988, stack(0x0000009bee900000,0x0000009beea00000) (1024K)]
  0x000002053ed620f0 WorkerThread "GC Thread#12"                    [id=2728, stack(0x0000009beea00000,0x0000009beeb00000) (1024K)]
  0x000002051fb6f070 ConcurrentGCThread "G1 Main Marker"            [id=19432, stack(0x0000009bec600000,0x0000009bec700000) (1024K)]
  0x000002051f615a10 WorkerThread "G1 Conc#0"                       [id=10568, stack(0x0000009bec700000,0x0000009bec800000) (1024K)]
  0x000002053ed603f0 WorkerThread "G1 Conc#1"                       [id=4652, stack(0x0000009beeb00000,0x0000009beec00000) (1024K)]
  0x000002053ed63a50 WorkerThread "G1 Conc#2"                       [id=25100, stack(0x0000009beec00000,0x0000009beed00000) (1024K)]
  0x000002051fbceb60 ConcurrentGCThread "G1 Refine#0"               [id=25284, stack(0x0000009bec800000,0x0000009bec900000) (1024K)]
  0x000002053e1199f0 ConcurrentGCThread "G1 Service"                [id=15664, stack(0x0000009bec900000,0x0000009beca00000) (1024K)]
Total: 21

Threads with active compile tasks:
C2 CompilerThread0    13514 6320   !   4       org.springframework.util.ReflectionUtils::doWithMethods (189 bytes)
C1 CompilerThread1    13514 6448       3       sun.reflect.generics.reflectiveObjects.WildcardTypeImpl::hashCode (20 bytes)
C2 CompilerThread1    13515 6331       4       org.springframework.util.ReflectionUtils::findMethod (109 bytes)
C2 CompilerThread2    13515 6215       4       org.springframework.core.annotation.AnnotationsScanner::process (55 bytes)
Total: 4

VM state: not at safepoint (normal execution)

VM Mutex/Monitor currently owned by a thread:  ([mutex/lock_event])
[0x00007ffd1682cde8] Compile_lock - owner thread: 0x000002053e2a6b50

Heap address: 0x00000000a2400000, size: 1500 MB, Compressed Oops mode: 32-bit

CDS archive(s) mapped at: [0x000002053f000000-0x000002053fc90000-0x000002053fc90000), size 13172736, SharedBaseAddress: 0x000002053f000000, ArchiveRelocationMode: 1.
Compressed class space mapped at: 0x0000020540000000-0x0000020580000000, reserved size: 1073741824
Narrow klass base: 0x000002053f000000, Narrow klass shift: 0, Narrow klass range: 0x100000000

GC Precious Log:
 CardTable entry size: 512
 Card Set container configuration: InlinePtr #cards 5 size 8 Array Of Cards #cards 12 size 40 Howl #buckets 4 coarsen threshold 1843 Howl Bitmap #cards 512 size 80 coarsen threshold 460 Card regions per heap region 1 cards per card region 2048
 CPUs: 16 total, 16 available
 Memory: 5996M
 Large Page Support: Disabled
 NUMA Support: Disabled
 Compressed Oops: Enabled (32-bit)
 Heap Region Size: 1M
 Heap Min Capacity: 8M
 Heap Initial Capacity: 94M
 Heap Max Capacity: 1500M
 Pre-touch: Disabled
 Parallel Workers: 13
 Concurrent Workers: 3
 Concurrent Refinement Workers: 13
 Periodic GC: Disabled

Heap:
 garbage-first heap   total 89088K, used 68780K [0x00000000a2400000, 0x0000000100000000)
  region size 1024K, 37 young (37888K), 3 survivors (3072K)
 Metaspace       used 79672K, committed 80448K, reserved 1179648K
  class space    used 11325K, committed 11648K, reserved 1048576K

Heap Regions: E=young(eden), S=young(survivor), O=old, HS=humongous(starts), HC=humongous(continues), CS=collection set, F=free, TAMS=top-at-mark-start, PB=parsable bottom
|   0|0x00000000a2400000, 0x00000000a2500000, 0x00000000a2500000|100%|HS|  |TAMS 0x00000000a2400000| PB 0x00000000a2400000| Complete 
|   1|0x00000000a2500000, 0x00000000a2600000, 0x00000000a2600000|100%| O|  |TAMS 0x00000000a2500000| PB 0x00000000a2500000| Untracked 
|   2|0x00000000a2600000, 0x00000000a2700000, 0x00000000a2700000|100%| O|  |TAMS 0x00000000a2600000| PB 0x00000000a2600000| Untracked 
|   3|0x00000000a2700000, 0x00000000a2800000, 0x00000000a2800000|100%| O|  |TAMS 0x00000000a2700000| PB 0x00000000a2700000| Untracked 
|   4|0x00000000a2800000, 0x00000000a2900000, 0x00000000a2900000|100%| O|  |TAMS 0x00000000a2800000| PB 0x00000000a2800000| Untracked 
|   5|0x00000000a2900000, 0x00000000a2a00000, 0x00000000a2a00000|100%| O|  |TAMS 0x00000000a2900000| PB 0x00000000a2900000| Untracked 
|   6|0x00000000a2a00000, 0x00000000a2b00000, 0x00000000a2b00000|100%| O|  |TAMS 0x00000000a2a00000| PB 0x00000000a2a00000| Untracked 
|   7|0x00000000a2b00000, 0x00000000a2c00000, 0x00000000a2c00000|100%| O|  |TAMS 0x00000000a2b00000| PB 0x00000000a2b00000| Untracked 
|   8|0x00000000a2c00000, 0x00000000a2d00000, 0x00000000a2d00000|100%| O|  |TAMS 0x00000000a2c00000| PB 0x00000000a2c00000| Untracked 
|   9|0x00000000a2d00000, 0x00000000a2e00000, 0x00000000a2e00000|100%| O|  |TAMS 0x00000000a2d00000| PB 0x00000000a2d00000| Untracked 
|  10|0x00000000a2e00000, 0x00000000a2f00000, 0x00000000a2f00000|100%| O|  |TAMS 0x00000000a2e00000| PB 0x00000000a2e00000| Untracked 
|  11|0x00000000a2f00000, 0x00000000a3000000, 0x00000000a3000000|100%| O|  |TAMS 0x00000000a2f00000| PB 0x00000000a2f00000| Untracked 
|  12|0x00000000a3000000, 0x00000000a3100000, 0x00000000a3100000|100%| O|  |TAMS 0x00000000a3000000| PB 0x00000000a3000000| Untracked 
|  13|0x00000000a3100000, 0x00000000a3200000, 0x00000000a3200000|100%| O|  |TAMS 0x00000000a3100000| PB 0x00000000a3100000| Untracked 
|  14|0x00000000a3200000, 0x00000000a3300000, 0x00000000a3300000|100%| O|  |TAMS 0x00000000a3200000| PB 0x00000000a3200000| Untracked 
|  15|0x00000000a3300000, 0x00000000a3400000, 0x00000000a3400000|100%| O|  |TAMS 0x00000000a3300000| PB 0x00000000a3300000| Untracked 
|  16|0x00000000a3400000, 0x00000000a3500000, 0x00000000a3500000|100%| O|  |TAMS 0x00000000a3400000| PB 0x00000000a3400000| Untracked 
|  17|0x00000000a3500000, 0x00000000a3600000, 0x00000000a3600000|100%| O|Cm|TAMS 0x00000000a3500000| PB 0x00000000a3500000| Complete 
|  18|0x00000000a3600000, 0x00000000a3700000, 0x00000000a3700000|100%| O|  |TAMS 0x00000000a3600000| PB 0x00000000a3600000| Untracked 
|  19|0x00000000a3700000, 0x00000000a3800000, 0x00000000a3800000|100%| O|  |TAMS 0x00000000a3700000| PB 0x00000000a3700000| Untracked 
|  20|0x00000000a3800000, 0x00000000a3900000, 0x00000000a3900000|100%| O|  |TAMS 0x00000000a3800000| PB 0x00000000a3800000| Untracked 
|  21|0x00000000a3900000, 0x00000000a3a00000, 0x00000000a3a00000|100%| O|  |TAMS 0x00000000a3900000| PB 0x00000000a3900000| Untracked 
|  22|0x00000000a3a00000, 0x00000000a3b00000, 0x00000000a3b00000|100%| O|  |TAMS 0x00000000a3a00000| PB 0x00000000a3a00000| Untracked 
|  23|0x00000000a3b00000, 0x00000000a3c00000, 0x00000000a3c00000|100%| O|  |TAMS 0x00000000a3b00000| PB 0x00000000a3b00000| Untracked 
|  24|0x00000000a3c00000, 0x00000000a3d00000, 0x00000000a3d00000|100%| O|  |TAMS 0x00000000a3c00000| PB 0x00000000a3c00000| Untracked 
|  25|0x00000000a3d00000, 0x00000000a3e00000, 0x00000000a3e00000|100%| O|  |TAMS 0x00000000a3d00000| PB 0x00000000a3d00000| Untracked 
|  26|0x00000000a3e00000, 0x00000000a3f00000, 0x00000000a3f00000|100%| O|  |TAMS 0x00000000a3e00000| PB 0x00000000a3e00000| Untracked 
|  27|0x00000000a3f00000, 0x00000000a4000000, 0x00000000a4000000|100%| O|  |TAMS 0x00000000a3f00000| PB 0x00000000a3f00000| Untracked 
|  28|0x00000000a4000000, 0x00000000a408d028, 0x00000000a4100000| 55%| O|  |TAMS 0x00000000a4000000| PB 0x00000000a4000000| Untracked 
|  29|0x00000000a4100000, 0x00000000a4100000, 0x00000000a4200000|  0%| F|  |TAMS 0x00000000a4100000| PB 0x00000000a4100000| Untracked 
|  30|0x00000000a4200000, 0x00000000a4200000, 0x00000000a4300000|  0%| F|  |TAMS 0x00000000a4200000| PB 0x00000000a4200000| Untracked 
|  31|0x00000000a4300000, 0x00000000a4300000, 0x00000000a4400000|  0%| F|  |TAMS 0x00000000a4300000| PB 0x00000000a4300000| Untracked 
|  32|0x00000000a4400000, 0x00000000a4400000, 0x00000000a4500000|  0%| F|  |TAMS 0x00000000a4400000| PB 0x00000000a4400000| Untracked 
|  33|0x00000000a4500000, 0x00000000a4500000, 0x00000000a4600000|  0%| F|  |TAMS 0x00000000a4500000| PB 0x00000000a4500000| Untracked 
|  34|0x00000000a4600000, 0x00000000a4600000, 0x00000000a4700000|  0%| F|  |TAMS 0x00000000a4600000| PB 0x00000000a4600000| Untracked 
|  35|0x00000000a4700000, 0x00000000a4700000, 0x00000000a4800000|  0%| F|  |TAMS 0x00000000a4700000| PB 0x00000000a4700000| Untracked 
|  36|0x00000000a4800000, 0x00000000a4800000, 0x00000000a4900000|  0%| F|  |TAMS 0x00000000a4800000| PB 0x00000000a4800000| Untracked 
|  37|0x00000000a4900000, 0x00000000a4900000, 0x00000000a4a00000|  0%| F|  |TAMS 0x00000000a4900000| PB 0x00000000a4900000| Untracked 
|  38|0x00000000a4a00000, 0x00000000a4a00000, 0x00000000a4b00000|  0%| F|  |TAMS 0x00000000a4a00000| PB 0x00000000a4a00000| Untracked 
|  39|0x00000000a4b00000, 0x00000000a4b00000, 0x00000000a4c00000|  0%| F|  |TAMS 0x00000000a4b00000| PB 0x00000000a4b00000| Untracked 
|  40|0x00000000a4c00000, 0x00000000a4c00000, 0x00000000a4d00000|  0%| F|  |TAMS 0x00000000a4c00000| PB 0x00000000a4c00000| Untracked 
|  41|0x00000000a4d00000, 0x00000000a4d00000, 0x00000000a4e00000|  0%| F|  |TAMS 0x00000000a4d00000| PB 0x00000000a4d00000| Untracked 
|  42|0x00000000a4e00000, 0x00000000a4e00000, 0x00000000a4f00000|  0%| F|  |TAMS 0x00000000a4e00000| PB 0x00000000a4e00000| Untracked 
|  43|0x00000000a4f00000, 0x00000000a4f00000, 0x00000000a5000000|  0%| F|  |TAMS 0x00000000a4f00000| PB 0x00000000a4f00000| Untracked 
|  44|0x00000000a5000000, 0x00000000a5000000, 0x00000000a5100000|  0%| F|  |TAMS 0x00000000a5000000| PB 0x00000000a5000000| Untracked 
|  45|0x00000000a5100000, 0x00000000a5100000, 0x00000000a5200000|  0%| F|  |TAMS 0x00000000a5100000| PB 0x00000000a5100000| Untracked 
|  46|0x00000000a5200000, 0x00000000a5200000, 0x00000000a5300000|  0%| F|  |TAMS 0x00000000a5200000| PB 0x00000000a5200000| Untracked 
|  47|0x00000000a5300000, 0x00000000a5400000, 0x00000000a5400000|100%| E|  |TAMS 0x00000000a5300000| PB 0x00000000a5300000| Complete 
|  48|0x00000000a5400000, 0x00000000a5500000, 0x00000000a5500000|100%| E|CS|TAMS 0x00000000a5400000| PB 0x00000000a5400000| Complete 
|  49|0x00000000a5500000, 0x00000000a5600000, 0x00000000a5600000|100%| E|CS|TAMS 0x00000000a5500000| PB 0x00000000a5500000| Complete 
|  50|0x00000000a5600000, 0x00000000a5700000, 0x00000000a5700000|100%| E|CS|TAMS 0x00000000a5600000| PB 0x00000000a5600000| Complete 
|  51|0x00000000a5700000, 0x00000000a5800000, 0x00000000a5800000|100%| E|CS|TAMS 0x00000000a5700000| PB 0x00000000a5700000| Complete 
|  52|0x00000000a5800000, 0x00000000a5900000, 0x00000000a5900000|100%| E|CS|TAMS 0x00000000a5800000| PB 0x00000000a5800000| Complete 
|  53|0x00000000a5900000, 0x00000000a5a00000, 0x00000000a5a00000|100%| E|CS|TAMS 0x00000000a5900000| PB 0x00000000a5900000| Complete 
|  54|0x00000000a5a00000, 0x00000000a5b00000, 0x00000000a5b00000|100%| E|CS|TAMS 0x00000000a5a00000| PB 0x00000000a5a00000| Complete 
|  55|0x00000000a5b00000, 0x00000000a5c00000, 0x00000000a5c00000|100%| E|CS|TAMS 0x00000000a5b00000| PB 0x00000000a5b00000| Complete 
|  56|0x00000000a5c00000, 0x00000000a5d00000, 0x00000000a5d00000|100%| E|CS|TAMS 0x00000000a5c00000| PB 0x00000000a5c00000| Complete 
|  57|0x00000000a5d00000, 0x00000000a5e00000, 0x00000000a5e00000|100%| E|CS|TAMS 0x00000000a5d00000| PB 0x00000000a5d00000| Complete 
|  58|0x00000000a5e00000, 0x00000000a5f00000, 0x00000000a5f00000|100%| E|CS|TAMS 0x00000000a5e00000| PB 0x00000000a5e00000| Complete 
|  59|0x00000000a5f00000, 0x00000000a6000000, 0x00000000a6000000|100%| E|CS|TAMS 0x00000000a5f00000| PB 0x00000000a5f00000| Complete 
|  60|0x00000000a6000000, 0x00000000a6100000, 0x00000000a6100000|100%| E|CS|TAMS 0x00000000a6000000| PB 0x00000000a6000000| Complete 
|  61|0x00000000a6100000, 0x00000000a6200000, 0x00000000a6200000|100%| E|CS|TAMS 0x00000000a6100000| PB 0x00000000a6100000| Complete 
|  62|0x00000000a6200000, 0x00000000a6300000, 0x00000000a6300000|100%| E|CS|TAMS 0x00000000a6200000| PB 0x00000000a6200000| Complete 
|  63|0x00000000a6300000, 0x00000000a6400000, 0x00000000a6400000|100%| E|CS|TAMS 0x00000000a6300000| PB 0x00000000a6300000| Complete 
|  64|0x00000000a6400000, 0x00000000a6500000, 0x00000000a6500000|100%| E|CS|TAMS 0x00000000a6400000| PB 0x00000000a6400000| Complete 
|  65|0x00000000a6500000, 0x00000000a6600000, 0x00000000a6600000|100%| E|CS|TAMS 0x00000000a6500000| PB 0x00000000a6500000| Complete 
|  66|0x00000000a6600000, 0x00000000a6700000, 0x00000000a6700000|100%| E|CS|TAMS 0x00000000a6600000| PB 0x00000000a6600000| Complete 
|  67|0x00000000a6700000, 0x00000000a6800000, 0x00000000a6800000|100%| E|CS|TAMS 0x00000000a6700000| PB 0x00000000a6700000| Complete 
|  68|0x00000000a6800000, 0x00000000a6900000, 0x00000000a6900000|100%| E|CS|TAMS 0x00000000a6800000| PB 0x00000000a6800000| Complete 
|  69|0x00000000a6900000, 0x00000000a699e100, 0x00000000a6a00000| 61%| S|CS|TAMS 0x00000000a6900000| PB 0x00000000a6900000| Complete 
|  70|0x00000000a6a00000, 0x00000000a6b00000, 0x00000000a6b00000|100%| S|CS|TAMS 0x00000000a6a00000| PB 0x00000000a6a00000| Complete 
|  71|0x00000000a6b00000, 0x00000000a6c00000, 0x00000000a6c00000|100%| S|CS|TAMS 0x00000000a6b00000| PB 0x00000000a6b00000| Complete 
|  72|0x00000000a6c00000, 0x00000000a6d00000, 0x00000000a6d00000|100%| E|CS|TAMS 0x00000000a6c00000| PB 0x00000000a6c00000| Complete 
|  73|0x00000000a6d00000, 0x00000000a6e00000, 0x00000000a6e00000|100%| E|CS|TAMS 0x00000000a6d00000| PB 0x00000000a6d00000| Complete 
|  74|0x00000000a6e00000, 0x00000000a6f00000, 0x00000000a6f00000|100%| E|CS|TAMS 0x00000000a6e00000| PB 0x00000000a6e00000| Complete 
|  75|0x00000000a6f00000, 0x00000000a7000000, 0x00000000a7000000|100%| E|CS|TAMS 0x00000000a6f00000| PB 0x00000000a6f00000| Complete 
|  76|0x00000000a7000000, 0x00000000a7100000, 0x00000000a7100000|100%| E|CS|TAMS 0x00000000a7000000| PB 0x00000000a7000000| Complete 
|  77|0x00000000a7100000, 0x00000000a7200000, 0x00000000a7200000|100%| E|CS|TAMS 0x00000000a7100000| PB 0x00000000a7100000| Complete 
|  78|0x00000000a7200000, 0x00000000a7300000, 0x00000000a7300000|100%| E|CS|TAMS 0x00000000a7200000| PB 0x00000000a7200000| Complete 
|  79|0x00000000a7300000, 0x00000000a7400000, 0x00000000a7400000|100%| E|CS|TAMS 0x00000000a7300000| PB 0x00000000a7300000| Complete 
|  80|0x00000000a7400000, 0x00000000a7500000, 0x00000000a7500000|100%| E|CS|TAMS 0x00000000a7400000| PB 0x00000000a7400000| Complete 
|  81|0x00000000a7500000, 0x00000000a7600000, 0x00000000a7600000|100%| E|CS|TAMS 0x00000000a7500000| PB 0x00000000a7500000| Complete 
|  82|0x00000000a7600000, 0x00000000a7700000, 0x00000000a7700000|100%| E|CS|TAMS 0x00000000a7600000| PB 0x00000000a7600000| Complete 
|  93|0x00000000a8100000, 0x00000000a8200000, 0x00000000a8200000|100%| E|CS|TAMS 0x00000000a8100000| PB 0x00000000a8100000| Complete 
|1497|0x00000000ffd00000, 0x00000000ffe00000, 0x00000000ffe00000|100%| O|  |TAMS 0x00000000ffd00000| PB 0x00000000ffd00000| Untracked 
|1498|0x00000000ffe00000, 0x00000000fff00000, 0x00000000fff00000|100%| O|  |TAMS 0x00000000ffe00000| PB 0x00000000ffe00000| Untracked 
|1499|0x00000000fff00000, 0x0000000100000000, 0x0000000100000000|100%| O|  |TAMS 0x00000000fff00000| PB 0x00000000fff00000| Untracked 

Card table byte_map: [0x0000020539810000,0x0000020539b00000] _byte_map_base: 0x00000205392fe000

Marking Bits: (CMBitMap*) 0x000002051fb61800
 Bits: [0x0000020539b00000, 0x000002053b270000)

Polling page: 0x000002051f830000

Metaspace:

Usage:
  Non-class:     66.75 MB used.
      Class:     11.06 MB used.
       Both:     77.81 MB used.

Virtual space:
  Non-class space:      128.00 MB reserved,      67.19 MB ( 52%) committed,  2 nodes.
      Class space:        1.00 GB reserved,      11.38 MB (  1%) committed,  1 nodes.
             Both:        1.12 GB reserved,      78.56 MB (  7%) committed. 

Chunk freelists:
   Non-Class:  12.67 MB
       Class:  4.54 MB
        Both:  17.21 MB

MaxMetaspaceSize: unlimited
CompressedClassSpaceSize: 1.00 GB
Initial GC threshold: 21.00 MB
Current GC threshold: 126.19 MB
CDS: on
 - commit_granule_bytes: 65536.
 - commit_granule_words: 8192.
 - virtual_space_node_default_size: 8388608.
 - enlarge_chunks_in_place: 1.
 - use_allocation_guard: 0.


Internal statistics:

num_allocs_failed_limit: 11.
num_arena_births: 1050.
num_arena_deaths: 0.
num_vsnodes_births: 3.
num_vsnodes_deaths: 0.
num_space_committed: 1257.
num_space_uncommitted: 0.
num_chunks_returned_to_freelist: 11.
num_chunks_taken_from_freelist: 3949.
num_chunk_merges: 11.
num_chunk_splits: 2912.
num_chunks_enlarged: 2338.
num_inconsistent_stats: 0.

CodeHeap 'non-profiled nmethods': size=119168Kb used=3839Kb max_used=3839Kb free=115328Kb
 bounds [0x0000020531110000, 0x00000205314d0000, 0x0000020538570000]
CodeHeap 'profiled nmethods': size=119104Kb used=11273Kb max_used=11273Kb free=107830Kb
 bounds [0x0000020529570000, 0x000002052a080000, 0x00000205309c0000]
CodeHeap 'non-nmethods': size=7488Kb used=2222Kb max_used=3415Kb free=5265Kb
 bounds [0x00000205309c0000, 0x0000020530d20000, 0x0000020531110000]
 total_blobs=6371 nmethods=5675 adapters=599
 compilation: enabled
              stopped_count=0, restarted_count=0
 full_count=0

Compilation events (20 events):
Event: 12.410 Thread 0x000002053e2a5010 nmethod 6433 0x000002052a068790 code [0x000002052a0689a0, 0x000002052a068e70]
Event: 12.412 Thread 0x000002053e2a4270 nmethod 6434 0x000002052a069010 code [0x000002052a069400, 0x000002052a06afa0]
Event: 12.412 Thread 0x000002053e2a4270 6435       1       org.springframework.data.repository.core.support.RepositoryFactoryBeanSupport::getObjectType (5 bytes)
Event: 12.412 Thread 0x000002053e2a4270 nmethod 6435 0x00000205314cf910 code [0x00000205314cfaa0, 0x00000205314cfb68]
Event: 12.413 Thread 0x000002053e2a4270 6436       1       org.springframework.beans.factory.support.AbstractBeanFactory::getCustomTypeConverter (5 bytes)
Event: 12.413 Thread 0x000002053e2a4270 nmethod 6436 0x00000205314cfc10 code [0x00000205314cfda0, 0x00000205314cfe70]
Event: 12.425 Thread 0x000002053e2a4270 6437       3       org.springframework.beans.factory.support.DefaultSingletonBeanRegistry::afterSingletonCreation (41 bytes)
Event: 12.426 Thread 0x000002053e2a4270 nmethod 6437 0x000002052a06b790 code [0x000002052a06b980, 0x000002052a06bde0]
Event: 12.444 Thread 0x000002053e2a4270 6438       3       org.springframework.beans.factory.support.AbstractBeanFactory::getBean (9 bytes)
Event: 12.444 Thread 0x000002053e2a4270 nmethod 6438 0x000002052a06bf90 code [0x000002052a06c140, 0x000002052a06c320]
Event: 12.444 Thread 0x000002053e2a4940 6439       3       org.springframework.beans.factory.support.DefaultSingletonBeanRegistry::beforeSingletonCreation (36 bytes)
Event: 12.445 Thread 0x000002053e2a4940 nmethod 6439 0x000002052a06c410 code [0x000002052a06c5e0, 0x000002052a06c9c0]
Event: 12.445 Thread 0x000002053e2a4940 6440       3       java.lang.invoke.MethodHandles$Lookup::findVirtual (91 bytes)
Event: 12.446 Thread 0x000002053e2a4270 6441       3       org.springframework.core.SerializableTypeWrapper$MethodInvokeTypeProvider::getType (57 bytes)
Event: 12.447 Thread 0x000002053e2a4940 nmethod 6440 0x000002052a06cb10 code [0x000002052a06cdc0, 0x000002052a06d970]
Event: 12.448 Thread 0x000002053e2a4270 nmethod 6441 0x000002052a06de10 code [0x000002052a06e0c0, 0x000002052a06eee8]
Event: 12.448 Thread 0x000002053e2a4270 6442       3       org.springframework.beans.factory.InjectionPoint::getAnnotations (39 bytes)
Event: 12.449 Thread 0x000002053e2a4270 nmethod 6442 0x000002052a06f390 code [0x000002052a06f5e0, 0x000002052a06ff58]
Event: 12.454 Thread 0x000002053e2a4270 6444       3       org.springframework.beans.factory.support.AbstractAutowireCapableBeanFactory::resolveBeforeInstantiation (83 bytes)
Event: 12.455 Thread 0x000002053e2a4270 nmethod 6444 0x000002052a070210 code [0x000002052a070460, 0x000002052a0710a0]

GC Heap History (20 events):
Event: 6.488 GC heap before
{Heap before GC invocations=6 (full 0):
 garbage-first heap   total 61440K, used 36670K [0x00000000a2400000, 0x0000000100000000)
  region size 1024K, 23 young (23552K), 4 survivors (4096K)
 Metaspace       used 35415K, committed 35968K, reserved 1114112K
  class space    used 4512K, committed 4736K, reserved 1048576K
}
Event: 6.495 GC heap after
{Heap after GC invocations=7 (full 0):
 garbage-first heap   total 61440K, used 20991K [0x00000000a2400000, 0x0000000100000000)
  region size 1024K, 2 young (2048K), 2 survivors (2048K)
 Metaspace       used 35415K, committed 35968K, reserved 1114112K
  class space    used 4512K, committed 4736K, reserved 1048576K
}
Event: 7.713 GC heap before
{Heap before GC invocations=8 (full 0):
 garbage-first heap   total 61440K, used 48639K [0x00000000a2400000, 0x0000000100000000)
  region size 1024K, 30 young (30720K), 2 survivors (2048K)
 Metaspace       used 42325K, committed 42880K, reserved 1114112K
  class space    used 5749K, committed 6016K, reserved 1048576K
}
Event: 7.719 GC heap after
{Heap after GC invocations=9 (full 0):
 garbage-first heap   total 61440K, used 22818K [0x00000000a2400000, 0x0000000100000000)
  region size 1024K, 4 young (4096K), 4 survivors (4096K)
 Metaspace       used 42325K, committed 42880K, reserved 1114112K
  class space    used 5749K, committed 6016K, reserved 1048576K
}
Event: 8.859 GC heap before
{Heap before GC invocations=9 (full 0):
 garbage-first heap   total 61440K, used 49442K [0x00000000a2400000, 0x0000000100000000)
  region size 1024K, 31 young (31744K), 4 survivors (4096K)
 Metaspace       used 50899K, committed 51520K, reserved 1114112K
  class space    used 6845K, committed 7104K, reserved 1048576K
}
Event: 8.864 GC heap after
{Heap after GC invocations=10 (full 0):
 garbage-first heap   total 61440K, used 24352K [0x00000000a2400000, 0x0000000100000000)
  region size 1024K, 4 young (4096K), 4 survivors (4096K)
 Metaspace       used 50899K, committed 51520K, reserved 1114112K
  class space    used 6845K, committed 7104K, reserved 1048576K
}
Event: 9.378 GC heap before
{Heap before GC invocations=10 (full 0):
 garbage-first heap   total 61440K, used 50976K [0x00000000a2400000, 0x0000000100000000)
  region size 1024K, 31 young (31744K), 4 survivors (4096K)
 Metaspace       used 58663K, committed 59264K, reserved 1114112K
  class space    used 7751K, committed 8000K, reserved 1048576K
}
Event: 9.382 GC heap after
{Heap after GC invocations=11 (full 0):
 garbage-first heap   total 61440K, used 25534K [0x00000000a2400000, 0x0000000100000000)
  region size 1024K, 3 young (3072K), 3 survivors (3072K)
 Metaspace       used 58663K, committed 59264K, reserved 1114112K
  class space    used 7751K, committed 8000K, reserved 1048576K
}
Event: 9.428 GC heap before
{Heap before GC invocations=11 (full 0):
 garbage-first heap   total 61440K, used 26558K [0x00000000a2400000, 0x0000000100000000)
  region size 1024K, 5 young (5120K), 3 survivors (3072K)
 Metaspace       used 59564K, committed 60160K, reserved 1114112K
  class space    used 8051K, committed 8320K, reserved 1048576K
}
Event: 9.430 GC heap after
{Heap after GC invocations=12 (full 0):
 garbage-first heap   total 61440K, used 25611K [0x00000000a2400000, 0x0000000100000000)
  region size 1024K, 2 young (2048K), 2 survivors (2048K)
 Metaspace       used 59564K, committed 60160K, reserved 1114112K
  class space    used 8051K, committed 8320K, reserved 1048576K
}
Event: 10.197 GC heap before
{Heap before GC invocations=13 (full 0):
 garbage-first heap   total 61440K, used 54283K [0x00000000a2400000, 0x0000000100000000)
  region size 1024K, 30 young (30720K), 2 survivors (2048K)
 Metaspace       used 66615K, committed 67200K, reserved 1114112K
  class space    used 9155K, committed 9408K, reserved 1048576K
}
Event: 10.201 GC heap after
{Heap after GC invocations=14 (full 0):
 garbage-first heap   total 73728K, used 27175K [0x00000000a2400000, 0x0000000100000000)
  region size 1024K, 3 young (3072K), 3 survivors (3072K)
 Metaspace       used 66615K, committed 67200K, reserved 1114112K
  class space    used 9155K, committed 9408K, reserved 1048576K
}
Event: 11.034 GC heap before
{Heap before GC invocations=14 (full 0):
 garbage-first heap   total 73728K, used 64039K [0x00000000a2400000, 0x0000000100000000)
  region size 1024K, 40 young (40960K), 3 survivors (3072K)
 Metaspace       used 72467K, committed 73152K, reserved 1114112K
  class space    used 10084K, committed 10368K, reserved 1048576K
}
Event: 11.040 GC heap after
{Heap after GC invocations=15 (full 0):
 garbage-first heap   total 73728K, used 29734K [0x00000000a2400000, 0x0000000100000000)
  region size 1024K, 5 young (5120K), 5 survivors (5120K)
 Metaspace       used 72467K, committed 73152K, reserved 1114112K
  class space    used 10084K, committed 10368K, reserved 1048576K
}
Event: 11.392 GC heap before
{Heap before GC invocations=15 (full 0):
 garbage-first heap   total 73728K, used 62502K [0x00000000a2400000, 0x0000000100000000)
  region size 1024K, 37 young (37888K), 5 survivors (5120K)
 Metaspace       used 74527K, committed 75200K, reserved 1114112K
  class space    used 10517K, committed 10816K, reserved 1048576K
}
Event: 11.400 GC heap after
{Heap after GC invocations=16 (full 0):
 garbage-first heap   total 73728K, used 32660K [0x00000000a2400000, 0x0000000100000000)
  region size 1024K, 3 young (3072K), 3 survivors (3072K)
 Metaspace       used 74527K, committed 75200K, reserved 1114112K
  class space    used 10517K, committed 10816K, reserved 1048576K
}
Event: 11.710 GC heap before
{Heap before GC invocations=16 (full 0):
 garbage-first heap   total 73728K, used 64404K [0x00000000a2400000, 0x0000000100000000)
  region size 1024K, 34 young (34816K), 3 survivors (3072K)
 Metaspace       used 76871K, committed 77504K, reserved 1179648K
  class space    used 10895K, committed 11136K, reserved 1048576K
}
Event: 11.714 GC heap after
{Heap after GC invocations=17 (full 0):
 garbage-first heap   total 73728K, used 33667K [0x00000000a2400000, 0x0000000100000000)
  region size 1024K, 4 young (4096K), 4 survivors (4096K)
 Metaspace       used 76871K, committed 77504K, reserved 1179648K
  class space    used 10895K, committed 11136K, reserved 1048576K
}
Event: 11.771 GC heap before
{Heap before GC invocations=18 (full 0):
 garbage-first heap   total 89088K, used 63363K [0x00000000a2400000, 0x0000000100000000)
  region size 1024K, 33 young (33792K), 4 survivors (4096K)
 Metaspace       used 76872K, committed 77504K, reserved 1179648K
  class space    used 10896K, committed 11136K, reserved 1048576K
}
Event: 11.775 GC heap after
{Heap after GC invocations=19 (full 0):
 garbage-first heap   total 89088K, used 34988K [0x00000000a2400000, 0x0000000100000000)
  region size 1024K, 3 young (3072K), 3 survivors (3072K)
 Metaspace       used 76872K, committed 77504K, reserved 1179648K
  class space    used 10896K, committed 11136K, reserved 1048576K
}

Dll operation events (13 events):
Event: 0.021 Loaded shared library C:\Program Files\Java\jdk-21\bin\java.dll
Event: 0.076 Loaded shared library C:\Program Files\Java\jdk-21\bin\jsvml.dll
Event: 0.282 Loaded shared library C:\Program Files\Java\jdk-21\bin\zip.dll
Event: 0.290 Loaded shared library C:\Program Files\Java\jdk-21\bin\instrument.dll
Event: 0.298 Loaded shared library C:\Program Files\Java\jdk-21\bin\net.dll
Event: 0.302 Loaded shared library C:\Program Files\Java\jdk-21\bin\nio.dll
Event: 0.306 Loaded shared library C:\Program Files\Java\jdk-21\bin\zip.dll
Event: 0.466 Loaded shared library C:\Program Files\Java\jdk-21\bin\extnet.dll
Event: 0.495 Loaded shared library C:\Program Files\Java\jdk-21\bin\jimage.dll
Event: 1.150 Loaded shared library C:\Program Files\Java\jdk-21\bin\management.dll
Event: 1.158 Loaded shared library C:\Program Files\Java\jdk-21\bin\management_ext.dll
Event: 2.439 Loaded shared library C:\Program Files\Java\jdk-21\bin\sunmscapi.dll
Event: 7.413 Loaded shared library C:\Program Files\Java\jdk-21\bin\verify.dll

Deoptimization events (20 events):
Event: 12.201 Thread 0x000002053ed49030 Uncommon trap: trap_request=0xffffffde fr.pc=0x000002053149ad58 relative=0x0000000000003538
Event: 12.201 Thread 0x000002053ed49030 Uncommon trap: reason=class_check action=maybe_recompile pc=0x000002053149ad58 method=org.springframework.core.annotation.TypeMappedAnnotations.scan(Ljava/lang/Object;Lorg/springframework/core/annotation/AnnotationsProcessor;)Ljava/lang/Object; @ 18 c2
Event: 12.201 Thread 0x000002053ed49030 DEOPT PACKING pc=0x000002053149ad58 sp=0x0000009bee1fdae0
Event: 12.201 Thread 0x000002053ed49030 DEOPT UNPACKING pc=0x0000020530a146a2 sp=0x0000009bee1fdb08 mode 2
Event: 12.253 Thread 0x000002053ed49030 Uncommon trap: trap_request=0xffffff45 fr.pc=0x00000205313de73c relative=0x000000000000145c
Event: 12.253 Thread 0x000002053ed49030 Uncommon trap: reason=unstable_if action=reinterpret pc=0x00000205313de73c method=java.net.URL.<init>(Ljava/net/URL;Ljava/lang/String;Ljava/net/URLStreamHandler;)V @ 30 c2
Event: 12.253 Thread 0x000002053ed49030 DEOPT PACKING pc=0x00000205313de73c sp=0x0000009bee1fd840
Event: 12.253 Thread 0x000002053ed49030 DEOPT UNPACKING pc=0x0000020530a146a2 sp=0x0000009bee1fd7e0 mode 2
Event: 12.254 Thread 0x000002053ed49030 Uncommon trap: trap_request=0xffffff45 fr.pc=0x000002053120a5f0 relative=0x0000000000000b10
Event: 12.254 Thread 0x000002053ed49030 Uncommon trap: reason=unstable_if action=reinterpret pc=0x000002053120a5f0 method=java.net.URL.isBuiltinStreamHandler(Ljava/net/URLStreamHandler;)Z @ 13 c2
Event: 12.254 Thread 0x000002053ed49030 DEOPT PACKING pc=0x000002053120a5f0 sp=0x0000009bee1fd6a0
Event: 12.254 Thread 0x000002053ed49030 DEOPT UNPACKING pc=0x0000020530a146a2 sp=0x0000009bee1fd5b8 mode 2
Event: 12.260 Thread 0x000002053ed49030 Uncommon trap: trap_request=0xffffff45 fr.pc=0x0000020531247c94 relative=0x00000000000000f4
Event: 12.260 Thread 0x000002053ed49030 Uncommon trap: reason=unstable_if action=reinterpret pc=0x0000020531247c94 method=org.springframework.util.ObjectUtils.nullSafeEquals(Ljava/lang/Object;Ljava/lang/Object;)Z @ 12 c2
Event: 12.260 Thread 0x000002053ed49030 DEOPT PACKING pc=0x0000020531247c94 sp=0x0000009bee1fdbe0
Event: 12.260 Thread 0x000002053ed49030 DEOPT UNPACKING pc=0x0000020530a146a2 sp=0x0000009bee1fdb80 mode 2
Event: 12.363 Thread 0x000002053ed49030 Uncommon trap: trap_request=0xffffff45 fr.pc=0x00000205312e9e08 relative=0x0000000000000248
Event: 12.363 Thread 0x000002053ed49030 Uncommon trap: reason=unstable_if action=reinterpret pc=0x00000205312e9e08 method=org.springframework.beans.factory.support.DefaultSingletonBeanRegistry.getSingleton(Ljava/lang/String;Z)Ljava/lang/Object; @ 39 c2
Event: 12.363 Thread 0x000002053ed49030 DEOPT PACKING pc=0x00000205312e9e08 sp=0x0000009bee1fd360
Event: 12.363 Thread 0x000002053ed49030 DEOPT UNPACKING pc=0x0000020530a146a2 sp=0x0000009bee1fd2f0 mode 2

Classes loaded (20 events):
Event: 10.764 Loading class java/util/regex/Pattern$Behind
Event: 10.764 Loading class java/util/regex/Pattern$Behind done
Event: 10.783 Loading class java/util/regex/Pattern$Neg
Event: 10.783 Loading class java/util/regex/Pattern$Neg done
Event: 10.785 Loading class java/util/regex/Pattern$Bound
Event: 10.785 Loading class java/util/regex/Pattern$Bound done
Event: 10.786 Loading class java/util/regex/Pattern$NotBehind
Event: 10.786 Loading class java/util/regex/Pattern$NotBehind done
Event: 10.807 Loading class java/util/EmptyStackException
Event: 10.807 Loading class java/util/EmptyStackException done
Event: 10.912 Loading class java/io/InvalidClassException
Event: 10.913 Loading class java/io/InvalidClassException done
Event: 11.816 Loading class java/lang/invoke/SerializedLambda
Event: 11.816 Loading class java/lang/invoke/SerializedLambda done
Event: 11.897 Loading class java/util/EnumMap$Values
Event: 11.897 Loading class java/util/EnumMap$Values done
Event: 11.897 Loading class java/util/EnumMap$ValueIterator
Event: 11.897 Loading class java/util/EnumMap$ValueIterator done
Event: 11.925 Loading class sun/reflect/annotation/TypeAnnotation$TypeAnnotationTargetInfo
Event: 11.925 Loading class sun/reflect/annotation/TypeAnnotation$TypeAnnotationTargetInfo done

Classes unloaded (0 events):
No events

Classes redefined (0 events):
No events

Internal exceptions (20 events):
Event: 9.759 Thread 0x000002053ed49030 Exception <a 'java/lang/NoSuchMethodError'{0x00000000a4dd42a0}: 'java.lang.Object java.lang.invoke.DirectMethodHandle$Holder.newInvokeSpecial(java.lang.Object, java.lang.Object, int, java.lang.Object)'> (0x00000000a4dd42a0) 
thrown [s\open\src\hotspot\share\interpreter\linkResolver.cpp, line 773]
Event: 9.778 Thread 0x000002053ed49030 Exception <a 'java/lang/NoSuchMethodError'{0x00000000a4ca3670}: 'void java.lang.invoke.DirectMethodHandle$Holder.invokeSpecial(java.lang.Object, java.lang.Object, java.lang.Object, java.lang.Object, java.lang.Object, java.lang.Object, java.lang.Object, java.lang.Object)'> (0x00000000a4ca3670) 
thrown [s\open\src\hotspot\share\interpreter\linkResolver.cpp, line 773]
Event: 9.783 Thread 0x000002053ed49030 Exception <a 'java/lang/NoSuchMethodError'{0x00000000a4cddb70}: 'void java.lang.invoke.DirectMethodHandle$Holder.invokeSpecial(java.lang.Object, java.lang.Object, int, java.lang.Object)'> (0x00000000a4cddb70) 
thrown [s\open\src\hotspot\share\interpreter\linkResolver.cpp, line 773]
Event: 9.807 Thread 0x000002053ed49030 Exception <a 'java/lang/NoSuchMethodError'{0x00000000a4a74810}: 'java.lang.Object java.lang.invoke.Invokers$Holder.linkToTargetMethod(java.lang.Object, java.lang.Object, java.lang.Object, java.lang.Object, java.lang.Object, java.lang.Object, java.lang.Object, java.lang.Object, java.lang.Object, java.lang.Object, java.lang.Object, java.lang.Object)'> (0x00000000a4a74810) 
thrown [s\open\src\hotspot\share\interpreter\linkResolver.cpp, line 773]
Event: 9.833 Thread 0x000002053ed49030 Exception <a 'java/lang/IncompatibleClassChangeError'{0x00000000a49d75b8}: Found class java.lang.Object, but interface was expected> (0x00000000a49d75b8) 
thrown [s\open\src\hotspot\share\interpreter\linkResolver.cpp, line 840]
Event: 10.185 Thread 0x000002053ed49030 Exception <a 'java/lang/NoSuchMethodError'{0x00000000a3fbf600}: 'java.lang.Object java.lang.invoke.DirectMethodHandle$Holder.invokeVirtual(java.lang.Object, java.lang.Object, java.lang.Object, int)'> (0x00000000a3fbf600) 
thrown [s\open\src\hotspot\share\interpreter\linkResolver.cpp, line 773]
Event: 10.309 Thread 0x000002053ed49030 Implicit null exception at 0x00000205313f4ef7 to 0x00000205313f5160
Event: 10.339 Thread 0x000002053ed49030 Implicit null exception at 0x00000205313ccccc to 0x00000205313ce750
Event: 10.348 Thread 0x000002053ed49030 Exception <a 'java/lang/IncompatibleClassChangeError'{0x00000000a622fdd8}: Found class java.lang.Object, but interface was expected> (0x00000000a622fdd8) 
thrown [s\open\src\hotspot\share\interpreter\linkResolver.cpp, line 840]
Event: 10.436 Thread 0x000002053ed49030 Exception <a 'java/lang/IncompatibleClassChangeError'{0x00000000a61cc6c8}: Found class java.lang.Object, but interface was expected> (0x00000000a61cc6c8) 
thrown [s\open\src\hotspot\share\interpreter\linkResolver.cpp, line 840]
Event: 10.767 Thread 0x000002053ed49030 Exception <a 'java/lang/IncompatibleClassChangeError'{0x00000000a58d9e10}: Found class java.lang.Object, but interface was expected> (0x00000000a58d9e10) 
thrown [s\open\src\hotspot\share\interpreter\linkResolver.cpp, line 840]
Event: 10.787 Thread 0x000002053ed49030 Exception <a 'java/lang/IncompatibleClassChangeError'{0x00000000a5795c90}: Found class java.lang.Object, but interface was expected> (0x00000000a5795c90) 
thrown [s\open\src\hotspot\share\interpreter\linkResolver.cpp, line 840]
Event: 11.919 Thread 0x000002053ed49030 Exception <a 'java/lang/NoSuchMethodError'{0x00000000a64e3d90}: 'java.lang.Object java.lang.invoke.DirectMethodHandle$Holder.invokeVirtual(java.lang.Object, java.lang.Object, java.lang.Object, java.lang.Object, java.lang.Object, java.lang.Object, java.lang.Object)'> (0x00000000a64e3d90) 
thrown [s\open\src\hotspot\share\interpreter\linkResolver.cpp, line 773]
Event: 11.926 Thread 0x000002053ed49030 Exception <a 'java/lang/NoSuchMethodError'{0x00000000a630f010}: 'java.lang.Object java.lang.invoke.DirectMethodHandle$Holder.invokeVirtual(java.lang.Object, java.lang.Object, java.lang.Object, java.lang.Object, java.lang.Object, java.lang.Object, java.lang.Object, java.lang.Object)'> (0x00000000a630f010) 
thrown [s\open\src\hotspot\share\interpreter\linkResolver.cpp, line 773]
Event: 11.959 Thread 0x000002053ed49030 Exception <a 'java/lang/NoSuchMethodError'{0x00000000a63fca38}: 'java.lang.Object java.lang.invoke.DirectMethodHandle$Holder.newInvokeSpecial(java.lang.Object, java.lang.Object, java.lang.Object, java.lang.Object, java.lang.Object, java.lang.Object, java.lang.Object, java.lang.Object, java.lang.Object, java.lang.Object, java.lang.Object)'> (0x00000000a63fca38) 
thrown [s\open\src\hotspot\share\interpreter\linkResolver.cpp, line 773]
Event: 11.979 Thread 0x000002053ed49030 Exception <a 'java/lang/NoSuchMethodError'{0x00000000a6107080}: 'java.lang.Object java.lang.invoke.DirectMethodHandle$Holder.invokeInterface(java.lang.Object, java.lang.Object, java.lang.Object, java.lang.Object)'> (0x00000000a6107080) 
thrown [s\open\src\hotspot\share\interpreter\linkResolver.cpp, line 773]
Event: 12.126 Thread 0x000002053ed49030 Exception <a 'java/lang/NoSuchMethodError'{0x00000000a5ddfcc0}: 'java.lang.Object java.lang.invoke.DirectMethodHandle$Holder.invokeVirtual(java.lang.Object, java.lang.Object, int)'> (0x00000000a5ddfcc0) 
thrown [s\open\src\hotspot\share\interpreter\linkResolver.cpp, line 773]
Event: 12.230 Thread 0x000002053ed49030 Exception <a 'java/lang/IncompatibleClassChangeError'{0x00000000a5afab18}: Found class java.lang.Object, but interface was expected> (0x00000000a5afab18) 
thrown [s\open\src\hotspot\share\interpreter\linkResolver.cpp, line 840]
Event: 12.260 Thread 0x000002053ed49030 Implicit null exception at 0x0000020531247bc8 to 0x0000020531247c84
Event: 12.460 Thread 0x000002053ed49030 Exception <a 'java/lang/IncompatibleClassChangeError'{0x00000000a5324710}: Found class java.lang.Object, but interface was expected> (0x00000000a5324710) 
thrown [s\open\src\hotspot\share\interpreter\linkResolver.cpp, line 840]

ZGC Phase Switch (0 events):
No events

VM Operations (20 events):
Event: 11.714 Executing VM operation: G1CollectForAllocation (G1 Evacuation Pause) done
Event: 11.738 Executing VM operation: G1PauseRemark
Event: 11.744 Executing VM operation: G1PauseRemark done
Event: 11.751 Executing VM operation: G1PauseCleanup
Event: 11.751 Executing VM operation: G1PauseCleanup done
Event: 11.771 Executing VM operation: G1CollectForAllocation (G1 Evacuation Pause)
Event: 11.775 Executing VM operation: G1CollectForAllocation (G1 Evacuation Pause) done
Event: 12.020 Executing VM operation: HandshakeAllThreads (Deoptimize)
Event: 12.020 Executing VM operation: HandshakeAllThreads (Deoptimize) done
Event: 12.189 Executing VM operation: HandshakeAllThreads (Deoptimize)
Event: 12.189 Executing VM operation: HandshakeAllThreads (Deoptimize) done
Event: 12.190 Executing VM operation: HandshakeAllThreads (Deoptimize)
Event: 12.190 Executing VM operation: HandshakeAllThreads (Deoptimize) done
Event: 12.243 Executing VM operation: HandshakeAllThreads (Deoptimize)
Event: 12.243 Executing VM operation: HandshakeAllThreads (Deoptimize) done
Event: 12.317 Executing VM operation: HandshakeAllThreads (Deoptimize)
Event: 12.317 Executing VM operation: HandshakeAllThreads (Deoptimize) done
Event: 12.452 Executing VM operation: ICBufferFull
Event: 12.452 Executing VM operation: ICBufferFull done
Event: 13.467 Executing VM operation: Cleanup

Events (20 events):
Event: 11.743 Thread 0x000002051f615db0 flushing nmethod 0x000002052958cd10
Event: 11.743 Thread 0x000002051f615db0 flushing nmethod 0x0000020529596090
Event: 11.743 Thread 0x000002051f615db0 flushing nmethod 0x0000020529595b90
Event: 11.743 Thread 0x000002051f615db0 flushing nmethod 0x00000205312c8c10
Event: 11.743 Thread 0x000002051f615db0 flushing nmethod 0x00000205312c7b90
Event: 11.743 Thread 0x000002051f615db0 flushing nmethod 0x00000205313a6610
Event: 11.743 Thread 0x000002051f615db0 flushing nmethod 0x000002053139d090
Event: 11.743 Thread 0x000002051f615db0 flushing nmethod 0x0000020531306510
Event: 11.743 Thread 0x000002051f615db0 flushing nmethod 0x0000020531303890
Event: 11.743 Thread 0x000002051f615db0 flushing nmethod 0x0000020531298190
Event: 11.743 Thread 0x000002051f615db0 flushing nmethod 0x0000020531264d10
Event: 11.743 Thread 0x000002051f615db0 flushing nmethod 0x0000020531263990
Event: 11.743 Thread 0x000002051f615db0 flushing nmethod 0x0000020531220990
Event: 11.743 Thread 0x000002051f615db0 flushing nmethod 0x00000205311f9410
Event: 11.743 Thread 0x000002051f615db0 flushing nmethod 0x0000020531184890
Event: 11.743 Thread 0x000002051f615db0 flushing nmethod 0x00000205311f8f90
Event: 11.743 Thread 0x000002051f615db0 flushing nmethod 0x00000205311a5f10
Event: 11.743 Thread 0x000002051f615db0 flushing nmethod 0x000002053118c110
Event: 11.743 Thread 0x000002051f615db0 flushing nmethod 0x0000020531174890
Event: 11.743 Thread 0x000002051f615db0 flushing nmethod 0x0000020531140710


Dynamic libraries:
0x00007ff7687c0000 - 0x00007ff7687d0000 	C:\Program Files\Java\jdk-21\bin\java.exe
0x00007ffda6c40000 - 0x00007ffda6ea7000 	C:\WINDOWS\SYSTEM32\ntdll.dll
0x00007ffda5250000 - 0x00007ffda5319000 	C:\WINDOWS\System32\KERNEL32.DLL
0x00007ffda3e50000 - 0x00007ffda423f000 	C:\WINDOWS\System32\KERNELBASE.dll
0x00007ffda4250000 - 0x00007ffda439b000 	C:\WINDOWS\System32\ucrtbase.dll
0x00007ffd80f10000 - 0x00007ffd80f2b000 	C:\Program Files\Java\jdk-21\bin\VCRUNTIME140.dll
0x00007ffd76630000 - 0x00007ffd76649000 	C:\Program Files\Java\jdk-21\bin\jli.dll
0x00007ffda5070000 - 0x00007ffda5124000 	C:\WINDOWS\System32\ADVAPI32.dll
0x00007ffda5c50000 - 0x00007ffda5cf9000 	C:\WINDOWS\System32\msvcrt.dll
0x00007ffda49e0000 - 0x00007ffda4a86000 	C:\WINDOWS\System32\sechost.dll
0x00007ffda5130000 - 0x00007ffda5248000 	C:\WINDOWS\System32\RPCRT4.dll
0x00007ffda5320000 - 0x00007ffda54e5000 	C:\WINDOWS\System32\USER32.dll
0x00007ffda44d0000 - 0x00007ffda44f7000 	C:\WINDOWS\System32\win32u.dll
0x00007ffd8e000000 - 0x00007ffd8e293000 	C:\WINDOWS\WinSxS\amd64_microsoft.windows.common-controls_6595b64144ccf1df_6.0.26100.7309_none_3e05feeae336a044\COMCTL32.dll
0x00007ffda6230000 - 0x00007ffda625b000 	C:\WINDOWS\System32\GDI32.dll
0x00007ffda43a0000 - 0x00007ffda44cc000 	C:\WINDOWS\System32\gdi32full.dll
0x00007ffda4500000 - 0x00007ffda45a3000 	C:\WINDOWS\System32\msvcp_win.dll
0x00007ffd9c9c0000 - 0x00007ffd9c9cb000 	C:\WINDOWS\SYSTEM32\VERSION.dll
0x00007ffda4c30000 - 0x00007ffda4c61000 	C:\WINDOWS\System32\IMM32.DLL
0x00007ffd8e320000 - 0x00007ffd8e32c000 	C:\Program Files\Java\jdk-21\bin\vcruntime140_1.dll
0x00007ffd428d0000 - 0x00007ffd4295e000 	C:\Program Files\Java\jdk-21\bin\msvcp140.dll
0x00007ffd15bf0000 - 0x00007ffd16907000 	C:\Program Files\Java\jdk-21\bin\server\jvm.dll
0x00007ffda6110000 - 0x00007ffda6184000 	C:\WINDOWS\System32\WS2_32.dll
0x00007ffda3bf0000 - 0x00007ffda3c4e000 	C:\WINDOWS\SYSTEM32\POWRPROF.dll
0x00007ffda1480000 - 0x00007ffda14b5000 	C:\WINDOWS\SYSTEM32\WINMM.dll
0x00007ffda3bd0000 - 0x00007ffda3be4000 	C:\WINDOWS\SYSTEM32\UMPDC.dll
0x00007ffda2b40000 - 0x00007ffda2b5b000 	C:\WINDOWS\SYSTEM32\kernel.appcore.dll
0x00007ffd8db30000 - 0x00007ffd8db3a000 	C:\Program Files\Java\jdk-21\bin\jimage.dll
0x00007ffda1200000 - 0x00007ffda1442000 	C:\WINDOWS\SYSTEM32\DBGHELP.DLL
0x00007ffda6270000 - 0x00007ffda65f5000 	C:\WINDOWS\System32\combase.dll
0x00007ffda4df0000 - 0x00007ffda4ec6000 	C:\WINDOWS\System32\OLEAUT32.dll
0x00007ffda11c0000 - 0x00007ffda11fc000 	C:\WINDOWS\SYSTEM32\dbgcore.DLL
0x00007ffda47b0000 - 0x00007ffda4855000 	C:\WINDOWS\System32\bcryptPrimitives.dll
0x00007ffd98e40000 - 0x00007ffd98e4f000 	C:\Program Files\Java\jdk-21\bin\instrument.dll
0x00007ffd744e0000 - 0x00007ffd744ff000 	C:\Program Files\Java\jdk-21\bin\java.dll
0x00007ffda54f0000 - 0x00007ffda5c43000 	C:\WINDOWS\System32\SHELL32.dll
0x00007ffda45b0000 - 0x00007ffda471a000 	C:\WINDOWS\System32\wintypes.dll
0x00007ffda1980000 - 0x00007ffda21de000 	C:\WINDOWS\SYSTEM32\windows.storage.dll
0x00007ffda4ab0000 - 0x00007ffda4ba5000 	C:\WINDOWS\System32\SHCORE.dll
0x00007ffda4d80000 - 0x00007ffda4de6000 	C:\WINDOWS\System32\shlwapi.dll
0x00007ffda3cb0000 - 0x00007ffda3cd9000 	C:\WINDOWS\SYSTEM32\profapi.dll
0x00007ffd30770000 - 0x00007ffd30847000 	C:\Program Files\Java\jdk-21\bin\jsvml.dll
0x00007ffd4e1f0000 - 0x00007ffd4e208000 	C:\Program Files\Java\jdk-21\bin\zip.dll
0x00007ffd8d8b0000 - 0x00007ffd8d8c0000 	C:\Program Files\Java\jdk-21\bin\net.dll
0x00007ffd99120000 - 0x00007ffd99248000 	C:\WINDOWS\SYSTEM32\WINHTTP.dll
0x00007ffda30b0000 - 0x00007ffda311b000 	C:\WINDOWS\system32\mswsock.dll
0x00007ffd61870000 - 0x00007ffd61886000 	C:\Program Files\Java\jdk-21\bin\nio.dll
0x00007ffd8a220000 - 0x00007ffd8a229000 	C:\Program Files\Java\jdk-21\bin\extnet.dll
0x00007ffd8c090000 - 0x00007ffd8c09a000 	C:\Program Files\Java\jdk-21\bin\management.dll
0x00007ffd8a540000 - 0x00007ffd8a54b000 	C:\Program Files\Java\jdk-21\bin\management_ext.dll
0x00007ffda5ea0000 - 0x00007ffda5ea8000 	C:\WINDOWS\System32\PSAPI.DLL
0x00007ffd98e80000 - 0x00007ffd98e8e000 	C:\Program Files\Java\jdk-21\bin\sunmscapi.dll
0x00007ffda4860000 - 0x00007ffda49d7000 	C:\WINDOWS\System32\CRYPT32.dll
0x00007ffda3590000 - 0x00007ffda35c0000 	C:\WINDOWS\SYSTEM32\ncrypt.dll
0x00007ffda3540000 - 0x00007ffda357f000 	C:\WINDOWS\SYSTEM32\NTASN1.dll
0x00007ffda3380000 - 0x00007ffda339b000 	C:\WINDOWS\SYSTEM32\CRYPTSP.dll
0x00007ffda2aa0000 - 0x00007ffda2ada000 	C:\WINDOWS\system32\rsaenh.dll
0x00007ffda3160000 - 0x00007ffda318b000 	C:\WINDOWS\SYSTEM32\USERENV.dll
0x00007ffda3c80000 - 0x00007ffda3caa000 	C:\WINDOWS\SYSTEM32\bcrypt.dll
0x00007ffda3370000 - 0x00007ffda337c000 	C:\WINDOWS\SYSTEM32\CRYPTBASE.dll
0x00007ffda25c0000 - 0x00007ffda25f4000 	C:\WINDOWS\SYSTEM32\IPHLPAPI.DLL
0x00007ffda6190000 - 0x00007ffda619a000 	C:\WINDOWS\System32\NSI.dll
0x00007ffd98e30000 - 0x00007ffd98e40000 	C:\Program Files\Java\jdk-21\bin\verify.dll
0x00007ffda2600000 - 0x00007ffda272c000 	C:\WINDOWS\SYSTEM32\DNSAPI.dll
0x00007ffd90e90000 - 0x00007ffd90e9b000 	C:\Windows\System32\rasadhlp.dll
0x00007ffd97250000 - 0x00007ffd972d6000 	C:\WINDOWS\System32\fwpuclnt.dll

dbghelp: loaded successfully - version: 4.0.5 - missing functions: none
symbol engine: initialized successfully - sym options: 0x614 - pdb path: .;C:\Program Files\Java\jdk-21\bin;C:\WINDOWS\SYSTEM32;C:\WINDOWS\WinSxS\amd64_microsoft.windows.common-controls_6595b64144ccf1df_6.0.26100.7309_none_3e05feeae336a044;C:\Program Files\Java\jdk-21\bin\server

VM Arguments:
jvm_args: -javaagent:C:\Users\hrush\AppData\Local\JetBrains\IntelliJ IDEA Community Edition 2025.1.3\lib\idea_rt.jar=52321 -Dfile.encoding=UTF-8 -Dsun.stdout.encoding=UTF-8 -Dsun.stderr.encoding=UTF-8 
java_command: Hrishi.example.ai_log_intelligence.AiLogIntelligenceApplication
java_class_path (initial): D:\Spring\ai-log-intelligence\ai-log-intelligence\target\classes;C:\Users\hrush\.m2\repository\org\springframework\boot\spring-boot-starter\4.0.3\spring-boot-starter-4.0.3.jar;C:\Users\hrush\.m2\repository\org\springframework\boot\spring-boot-starter-logging\4.0.3\spring-boot-starter-logging-4.0.3.jar;C:\Users\hrush\.m2\repository\ch\qos\logback\logback-classic\1.5.32\logback-classic-1.5.32.jar;C:\Users\hrush\.m2\repository\ch\qos\logback\logback-core\1.5.32\logback-core-1.5.32.jar;C:\Users\hrush\.m2\repository\org\apache\logging\log4j\log4j-to-slf4j\2.25.3\log4j-to-slf4j-2.25.3.jar;C:\Users\hrush\.m2\repository\org\apache\logging\log4j\log4j-api\2.25.3\log4j-api-2.25.3.jar;C:\Users\hrush\.m2\repository\org\slf4j\jul-to-slf4j\2.0.17\jul-to-slf4j-2.0.17.jar;C:\Users\hrush\.m2\repository\org\springframework\boot\spring-boot-autoconfigure\4.0.3\spring-boot-autoconfigure-4.0.3.jar;C:\Users\hrush\.m2\repository\jakarta\annotation\jakarta.annotation-api\3.0.0\jakarta.annotation-api-3.0.0.jar;C:\Users\hrush\.m2\repository\org\yaml\snakeyaml\2.5\snakeyaml-2.5.jar;C:\Users\hrush\.m2\repository\org\springframework\boot\spring-boot-starter-web\4.0.3\spring-boot-starter-web-4.0.3.jar;C:\Users\hrush\.m2\repository\org\springframework\boot\spring-boot-starter-jackson\4.0.3\spring-boot-starter-jackson-4.0.3.jar;C:\Users\hrush\.m2\repository\org\springframework\boot\spring-boot-jackson\4.0.3\spring-boot-jackson-4.0.3.jar;C:\Users\hrush\.m2\repository\tools\jackson\core\jackson-databind\3.0.4\jackson-databind-3.0.4.jar;C:\Users\hrush\.m2\repository\tools\jackson\core\jackson-core\3.0.4\jackson-core-3.0.4.jar;C:\Users\hrush\.m2\repository\org\springframework\boot\spring-boot-starter-tomcat\4.0.3\spring-boot-starter-tomcat-4.0.3.jar;C:\Users\hrush\.m2\repository\org\springframework\boot\spring-boot-starter-tomcat-runtime\4.0.3\spring-boot-starter-tomcat-runtime-4.0.3.jar;C:\Users\hrush\.m2\repository\org\springframework\boot\spring-boot-web-server\4.0.3\spring-boot-web-server-4.0.3.jar;C:\Users\hrush\.m2\repository\org\apache\tomcat\embed\tomcat-embed-core\11.0.18\tomcat-embed-core-11.0.18.jar;C:\Users\hrush\.m2\repository\org\apache\tomcat\embed\tomcat-embed-websocket\11.0.18\tomcat-embed-websocket-11.0.18.jar;C:\Users\hrush\.m2\repository\org\springframework\boot\spring-boot-tomcat\4.0.3\spring-boot-tomcat-4.0.3.jar;C:\Users\hrush\.m2\repository\org\springframework\boot\spring-boot-http-converter\4.0.3\spring-boot-http-converter-4.0.3.jar;C:\Users\hrush\.m2\repository\org\springframework\spring-web\7.0.5\spring-web-7.0.5.jar;C:\Users\hrush\.m2\repository\org\springframework\spring-beans\7.0.5\spring-beans-7.0.5.jar;C:\Users\hrush\.m2\repository\io\micrometer\micrometer-observation\1.16.3\micrometer-observation-1.16.3.jar;C:\Users\hrush\.m2\repository\io\micrometer\micrometer-commons\1.16.3\micrometer-commons-1.16.3.jar;C:\Users\hrush\.m2\repository\org\springframework\boot\spring-boot-webmvc\4.0.3\spring-boot-webmvc-4.0.3.jar;C:\Users\hrush\.m2\repository\org\springframework\boot\spring-boot-servlet\4.0.3\spring-boot-servlet-4.0.3.jar;C:\Users\hrush\.m2\repository\org\springframework\spring-webmvc\7.0.5\spring-webmvc-7.0.5.jar;C:\Users\hrush\.m2\repository\org\springframework\spring-aop\7.0.5\spring-aop-7.0.5.jar;C:\Users\hrush\.m2\repository\org\springframework\spring-expression\7.0.5\spring-expression-7.0.5.jar;C:\Users\hrush\.m2\repository\org\springframework\boot\spring-boot-starter-websocket\4.0.3\spring-boot-starter-websocket-4.0.3.jar;C:\Users\hrush\.m2\repository\org\springframework\boot\spring-boot-starter-webmvc\4.0.3\spring-boot-starter-webmvc-4.0.3.jar;C:\Users\hrush\.m2\repository\org\springframework\boot\spring-boot-websocket\4.0.3\spring-boot-websocket-4.0.3.jar;C:\Users\hrush\.m2\repository\org\springframework\spring-messaging\7.0.5\spring-messaging-7.0.5.jar;C:\Users\hrush\.m2\repository\org\springframework\spring-websocket\7.0.5\spring-websocket-7.0.5.jar;C:\Users\hrush\.m2\repository\org\springframework\boot\spring-boot-starter-data-jpa\4.0.3\spring-boot-starter-data-jpa-4.0.3.jar;C:\Users\hrush\.m2\repository\org\springframework\boot\spring-boot-starter-jdbc\4.0.3\spring-boot-starter-jdbc-4.0.3.jar;C:\Users\hrush\.m2\repository\com\zaxxer\HikariCP\7.0.2\HikariCP-7.0.2.jar;C:\Users\hrush\.m2\repository\org\springframework\boot\spring-boot-data-jpa\4.0.3\spring-boot-data-jpa-4.0.3.jar;C:\Users\hrush\.m2\repository\org\springframework\boot\spring-boot-data-commons\4.0.3\spring-boot-data-commons-4.0.3.jar;C:\Users\hrush\.m2\repository\org\springframework\boot\spring-boot-persistence\4.0.3\spring-boot-persistence-4.0.3.jar;C:\Users\hrush\.m2\repository\org\springframework\data\spring-data-commons\4.0.3\spring-data-commons-4.0.3.jar;C:\Users\hrush\.m2\repository\org\springframework\boot\spring-boot-hibernate\4.0.3\spring-boot-hibernate-4.0.3.jar;C:\Users\hrush\.m2\repository\org\springframework\boot\spring-boot-jpa\4.0.3\spring-boot-jpa-4.0.3.jar;C:\Users\hrush\.m2\repository\jakarta\persistence\jakarta.persistence-api\3.2.0\jakarta.persistence-api-3.2.0.jar;C:\Users\hrush\.m2\repository\org\hibernate\orm\hibernate-core\7.2.4.Final\hibernate-core-7.2.4.Final.jar;C:\Users\hrush\.m2\repository\jakarta\transaction\jakarta.transaction-api\2.0.1\jakarta.transaction-api-2.0.1.jar;C:\Users\hrush\.m2\repository\org\hibernate\models\hibernate-models\1.0.1\hibernate-models-1.0.1.jar;C:\Users\hrush\.m2\repository\org\glassfish\jaxb\jaxb-runtime\4.0.6\jaxb-runtime-4.0.6.jar;C:\Users\hrush\.m2\repository\org\glassfish\jaxb\jaxb-core\4.0.6\jaxb-core-4.0.6.jar;C:\Users\hrush\.m2\repository\org\eclipse\angus\angus-activation\2.0.3\angus-activation-2.0.3.jar;C:\Users\hrush\.m2\repository\org\glassfish\jaxb\txw2\4.0.6\txw2-4.0.6.jar;C:\Users\hrush\.m2\repository\com\sun\istack\istack-commons-runtime\4.1.2\istack-commons-runtime-4.1.2.jar;C:\Users\hrush\.m2\repository\jakarta\inject\jakarta.inject-api\2.0.1\jakarta.inject-api-2.0.1.jar;C:\Users\hrush\.m2\repository\org\springframework\spring-orm\7.0.5\spring-orm-7.0.5.jar;C:\Users\hrush\.m2\repository\org\springframework\data\spring-data-jpa\4.0.3\spring-data-jpa-4.0.3.jar;C:\Users\hrush\.m2\repository\org\springframework\spring-tx\7.0.5\spring-tx-7.0.5.jar;C:\Users\hrush\.m2\repository\org\antlr\antlr4-runtime\4.13.2\antlr4-runtime-4.13.2.jar;C:\Users\hrush\.m2\repository\org\springframework\spring-aspects\7.0.5\spring-aspects-7.0.5.jar;C:\Users\hrush\.m2\repository\org\aspectj\aspectjweaver\1.9.25.1\aspectjweaver-1.9.25.1.jar;C:\Users\hrush\.m2\repository\org\springframework\boot\spring-boot-jdbc\4.0.3\spring-boot-jdbc-4.0.3.jar;C:\Users\hrush\.m2\repository\org\springframework\boot\spring-boot-sql\4.0.3\spring-boot-sql-4.0.3.jar;C:\Users\hrush\.m2\repository\org\springframework\boot\spring-boot-transaction\4.0.3\spring-boot-transaction-4.0.3.jar;C:\Users\hrush\.m2\repository\org\springframework\spring-jdbc\7.0.5\spring-jdbc-7.0.5.jar;C:\Users\hrush\.m2\repository\org\springframework\boot\spring-boot-starter-validation\4.0.3\spring-boot-starter-validation-4.0.3.jar;C:\Users\hrush\.m2\repository\org\springframework\boot\spring-boot-validation\4.0.3\spring-boot-validation-4.0.3.jar;C:\Users\hrush\.m2\repository\org\apache\tomcat\embed\tomcat-embed-el\11.0.18\tomcat-embed-el-11.0.18.jar;C:\Users\hrush\.m2\repository\org\hibernate\validator\hibernate-validator\9.0.1.Final\hibernate-validator-9.0.1.Final.jar;C:\Users\hrush\.m2\repository\jakarta\validation\jakarta.validation-api\3.1.1\jakarta.validation-api-3.1.1.jar;C:\Users\hrush\.m2\repository\org\jboss\logging\jboss-logging\3.6.2.Final\jboss-logging-3.6.2.Final.jar;C:\Users\hrush\.m2\repository\com\fasterxml\classmate\1.7.3\classmate-1.7.3.jar;C:\Users\hrush\.m2\repository\org\springframework\boot\spring-boot-devtools\4.0.3\spring-boot-devtools-4.0.3.jar;C:\Users\hrush\.m2\repository\org\springframework\boot\spring-boot\4.0.3\spring-boot-4.0.3.jar;C:\Users\hrush\.m2\repository\org\springframework\spring-context\7.0.5\spring-context-7.0.5.jar;C:\Users\hrush\.m2\repository\org\postgresql\postgresql\42.7.10\postgresql-42.7.10.jar;C:\Users\hrush\.m2\repository\org\checkerframework\checker-qual\3.52.0\checker-qual-3.52.0.jar;C:\Users\hrush\.m2\repository\org\apache\opennlp\opennlp-tools\2.3.0\opennlp-tools-2.3.0.jar;C:\Users\hrush\.m2\repository\org\slf4j\slf4j-api\2.0.17\slf4j-api-2.0.17.jar;C:\Users\hrush\.m2\repository\org\projectlombok\lombok\1.18.42\lombok-1.18.42.jar;C:\Users\hrush\.m2\repository\net\bytebuddy\byte-buddy\1.14.18\byte-buddy-1.14.18.jar;C:\Users\hrush\.m2\repository\commons-io\commons-io\2.15.0\commons-io-2.15.0.jar;C:\Users\hrush\.m2\repository\com\fasterxml\jackson\core\jackson-databind\2.20.2\jackson-databind-2.20.2.jar;C:\Users\hrush\.m2\repository\com\fasterxml\jackson\core\jackson-annotations\2.20\jackson-annotations-2.20.jar;C:\Users\hrush\.m2\repository\com\fasterxml\jackson\core\jackson-core\2.20.2\jackson-core-2.20.2.jar;C:\Users\hrush\.m2\repository\jakarta\xml\bind\jakarta.xml.bind-api\4.0.4\jakarta.xml.bind-api-4.0.4.jar;C:\Users\hrush\.m2\repository\jakarta\activation\jakarta.activation-api\2.1.4\jakarta.activation-api-2.1.4.jar;C:\Users\hrush\.m2\repository\org\springframework\spring-core\7.0.5\spring-core-7.0.5.jar;C:\Users\hrush\.m2\repository\commons-logging\commons-logging\1.3.5\commons-logging-1.3.5.jar;C:\Users\hrush\.m2\repository\org\jspecify\jspecify\1.0.0\jspecify-1.0.0.jar
Launcher Type: SUN_STANDARD

[Global flags]
     intx CICompilerCount                          = 12                                        {product} {ergonomic}
     uint ConcGCThreads                            = 3                                         {product} {ergonomic}
     uint G1ConcRefinementThreads                  = 13                                        {product} {ergonomic}
   size_t G1HeapRegionSize                         = 1048576                                   {product} {ergonomic}
    uintx GCDrainStackTargetSize                   = 64                                        {product} {ergonomic}
   size_t InitialHeapSize                          = 98566144                                  {product} {ergonomic}
   size_t MarkStackSize                            = 4194304                                   {product} {ergonomic}
   size_t MaxHeapSize                              = 1572864000                                {product} {ergonomic}
   size_t MaxNewSize                               = 943718400                                 {product} {ergonomic}
   size_t MinHeapDeltaBytes                        = 1048576                                   {product} {ergonomic}
   size_t MinHeapSize                              = 8388608                                   {product} {ergonomic}
    uintx NonNMethodCodeHeapSize                   = 7602480                                {pd product} {ergonomic}
    uintx NonProfiledCodeHeapSize                  = 122027880                              {pd product} {ergonomic}
    uintx ProfiledCodeHeapSize                     = 122027880                              {pd product} {ergonomic}
    uintx ReservedCodeCacheSize                    = 251658240                              {pd product} {ergonomic}
     bool SegmentedCodeCache                       = true                                      {product} {ergonomic}
   size_t SoftMaxHeapSize                          = 1572864000                             {manageable} {ergonomic}
     bool UseCompressedOops                        = true                           {product lp64_product} {ergonomic}
     bool UseG1GC                                  = true                                      {product} {ergonomic}
     bool UseLargePagesIndividualAllocation        = false                                  {pd product} {ergonomic}

Logging:
Log output configuration:
 #0: stdout all=warning uptime,level,tags foldmultilines=false
 #1: stderr all=off uptime,level,tags foldmultilines=false

Environment Variables:
JAVA_HOME=C:\Program Files\Java\jdk-21
PATH=C:\Users\hrush\AppData\Local\Programs\Python\Python312\Scripts\;C:\Users\hrush\AppData\Local\Programs\Python\Python312\;C:\Program Files\Common Files\Oracle\Java\javapath;C:\WINDOWS\system32;C:\WINDOWS;C:\WINDOWS\System32\Wbem;C:\WINDOWS\System32\WindowsPowerShell\v1.0\;C:\WINDOWS\System32\OpenSSH\;C:\Program Files\MongoDB\Server\7.0\bin;C:\Users\hrush\Downloads\mongosh-2.2.12-win32-x64 (1).zip\mongosh-2.2.12-win32-x64\bin;%NVM_HOME%;C:\Program Files\nodejs;;C:\ProgramData\chocolatey\bin;C:\Program Files\Java\jdk-21\bin;C:\Program Files\Git\cmd;C:\Program Files\Git\bin;C:\Users\hrush\AppData\Local\Programs\fnm;C:\Users\hrush\AppData\Roaming\fnm\bin;C:\MinGW\bin;C:\Users\hrush\Downloads\apache-maven-3.9.10-bin\apache-maven-3.9.10\bin;C:\Program Files\Amazon\AWSCLIV2\;C:\Program Files\Amazon\AWSCLIV2;C:\Program Files\WireGuard\;C:\Program Files\Docker\Docker\resources\bin;C:\Users\hrush\AppData\Local\Programs\Python\Python312\Scripts\;C:\Users\hrush\AppData\Local\Programs\Python\Python312\;C:\Program Files\Common Files\Oracle\Java\javapath;C:\Windows\system32;C:\Windows;C:\Windows\System32\Wbem;C:\Windows\System32\WindowsPowerShell\v1.0\;C:\Windows\System32\OpenSSH\;C:\Program Files\MongoDB\Server\7.0\bin;C:\Users\hrush\Downloads\mongosh-2.2.12-win32-x64 (1).zip\mongosh-2.2.12-win32-x64\bin;C:\Users\hrush\AppData\Roaming\nvm;;C:\ProgramData\chocolatey\bin;C:\Program Files\Java\jdk-21\bin;C:\Program Files\Git\cmd;C:\Program Files\Git\bin;C:\Users\hrush\AppData\Local\Programs\fnm;C:\Users\hrush\AppData\Roaming\fnm\bin;C:\MinGW\bin;C:\Program Files\MATLAB\R2024b\bin;C:\Program Files\Docker\Docker\resources\bin;C:\Users\hrush\Downloads\apache-maven-3.9.10-bin\apache-maven-3.9.10\bin;C:\Program Files\Amazon\AWSCLIV2\;C:\Program Files\Amazon\AWSCLIV2;C:\Users\hrush\AppData\Local\Microsoft\WindowsApps;C:\Users\hrush\;C:\Users\hrush\AppData\Local\Programs\Microsoft VS Code\bin;C:\Users\hrush\AppData\Local\Microsoft\WindowsApps;C:\nvm4w\nodejs
USERNAME=Hrishi
OS=Windows_NT
PROCESSOR_IDENTIFIER=AMD64 Family 25 Model 80 Stepping 0, AuthenticAMD
TMP=C:\Users\hrush\AppData\Local\Temp
TEMP=C:\Users\hrush\AppData\Local\Temp




Periodic native trim disabled

---------------  S Y S T E M  ---------------

OS:
 Windows 11 , 64 bit Build 26100 (10.0.26100.7309)
OS uptime: 13 days 1:39 hours
Hyper-V role detected

CPU: total 16 (initial active 16) (16 cores per cpu, 2 threads per core) family 25 model 80 stepping 0 microcode 0xa50000d, cx8, cmov, fxsr, ht, mmx, 3dnowpref, sse, sse2, sse3, ssse3, sse4a, sse4.1, sse4.2, popcnt, lzcnt, tsc, tscinvbit, avx, avx2, aes, erms, clmul, bmi1, bmi2, adx, sha, fma, vzeroupper, clflush, clflushopt, hv, rdtscp, rdpid, fsrm, f16c, cet_ss
Processor Information for all 16 processors :
  Max Mhz: 2000, Current Mhz: 2000, Mhz Limit: 2000

Memory: 4k page, system-wide physical 5996M (603M free)
TotalPageFile size 24428M (AvailPageFile size 37M)
current process WorkingSet (physical memory assigned to process): 297M, peak: 300M
current process commit charge ("private bytes"): 363M, peak: 366M

vm_info: Java HotSpot(TM) 64-Bit Server VM (21.0.2+13-LTS-58) for windows-amd64 JRE (21.0.2+13-LTS-58), built on 2024-01-05T18:32:24Z by "mach5one" with MS VC++ 17.1 (VS2022)

END.
